---
http_interactions:
- request:
    method: post
    uri: http://127.0.0.1:9517/session/8a74c5c49006ede96dabd5b088ee0a34/url
    body:
      encoding: UTF-8
      string: '{"url":"http://127.0.0.1:50345/"}'
    headers:
      Accept:
      - application/json
      Content-Type:
      - application/json; charset=UTF-8
      User-Agent:
      - selenium/3.142.7 (ruby macosx)
      Content-Length:
      - '33'
      Accept-Encoding:
      - gzip;q=1.0,deflate;q=0.6,identity;q=0.3
  response:
    status:
      code: 200
      message: OK
    headers:
      Content-Length:
      - '14'
      Content-Type:
      - application/json; charset=utf-8
      Cache-Control:
      - no-cache
    body:
      encoding: UTF-8
      string: '{"value":null}'
  recorded_at: Tue, 07 Jul 2020 13:42:10 GMT
- request:
    method: post
    uri: http://127.0.0.1:9517/session/8a74c5c49006ede96dabd5b088ee0a34/elements
    body:
      encoding: UTF-8
      string: '{"using":"xpath","value":".//a[./@href][((((./@id = ''Register'') or
        (normalize-space(string(.)) = ''Register'')) or (./@title = ''Register''))
        or .//img[(./@alt = ''Register'')])] | .//input[((((./@type = ''submit'')
        or (./@type = ''reset'')) or (./@type = ''image'')) or (./@type = ''button''))][((((./@id
        = ''Register'') or (./@name = ''Register'')) or (./@value = ''Register''))
        or (./@title = ''Register''))] | .//input[(./@type = ''image'')][(./@alt =
        ''Register'')] | .//button[((((((./@id = ''Register'') or (./@name = ''Register''))
        or (./@value = ''Register'')) or (./@title = ''Register'')) or (normalize-space(string(.))
        = ''Register'')) or .//img[(./@alt = ''Register'')])] | .//input[(./@type
        = ''image'')][(./@alt = ''Register'')]"}'
    headers:
      Accept:
      - application/json
      Content-Type:
      - application/json; charset=UTF-8
      User-Agent:
      - selenium/3.142.7 (ruby macosx)
      Content-Length:
      - '703'
      Accept-Encoding:
      - gzip;q=1.0,deflate;q=0.6,identity;q=0.3
  response:
    status:
      code: 200
      message: OK
    headers:
      Content-Length:
      - '12'
      Content-Type:
      - application/json; charset=utf-8
      Cache-Control:
      - no-cache
    body:
      encoding: UTF-8
      string: '{"value":[]}'
  recorded_at: Tue, 07 Jul 2020 13:42:10 GMT
- request:
    method: post
    uri: http://127.0.0.1:9517/session/8a74c5c49006ede96dabd5b088ee0a34/elements
    body:
      encoding: UTF-8
      string: '{"using":"xpath","value":".//a[./@href][((((./@id = ''Register'') or
        contains(normalize-space(string(.)), ''Register'')) or contains(./@title,
        ''Register'')) or .//img[contains(./@alt, ''Register'')])] | .//input[((((./@type
        = ''submit'') or (./@type = ''reset'')) or (./@type = ''image'')) or (./@type
        = ''button''))][((((./@id = ''Register'') or (./@name = ''Register'')) or
        contains(./@value, ''Register'')) or contains(./@title, ''Register''))] |
        .//input[(./@type = ''image'')][contains(./@alt, ''Register'')] | .//button[((((((./@id
        = ''Register'') or (./@name = ''Register'')) or contains(./@value, ''Register''))
        or contains(./@title, ''Register'')) or contains(normalize-space(string(.)),
        ''Register'')) or .//img[contains(./@alt, ''Register'')])] | .//input[(./@type
        = ''image'')][contains(./@alt, ''Register'')]"}'
    headers:
      Accept:
      - application/json
      Content-Type:
      - application/json; charset=UTF-8
      User-Agent:
      - selenium/3.142.7 (ruby macosx)
      Content-Length:
      - '780'
      Accept-Encoding:
      - gzip;q=1.0,deflate;q=0.6,identity;q=0.3
  response:
    status:
      code: 200
      message: OK
    headers:
      Content-Length:
      - '12'
      Content-Type:
      - application/json; charset=utf-8
      Cache-Control:
      - no-cache
    body:
      encoding: UTF-8
      string: '{"value":[]}'
  recorded_at: Tue, 07 Jul 2020 13:42:10 GMT
recorded_with: VCR 6.0.0
